com\github\gotochan\kit\IconPackage.class
com\github\gotochan\event\BMCLaunchPad.class
com\github\gotochan\original\BMCMacerator.class
com\github\gotochan\command\MenuCommand.class
com\github\gotochan\kit\KitChangeEvent.class
com\github\gotochan\kit\BMCKit.class
com\github\gotochan\Utils\Utils.class
com\github\gotochan\kit\KitUtils.class
com\github\gotochan\Utils\BMCBoolean.class
com\github\gotochan\Utils\MenuItem.class
com\github\gotochan\enchant\AutoSmelt.class
com\github\gotochan\BMC.class
com\github\gotochan\vanish\VanishListner.class
com\github\gotochan\command\SubCommandAbst.class
com\github\gotochan\kit\KitMenuItem.class
com\github\gotochan\command\RankUpCommand.class
com\github\gotochan\kit\ItemClickEvent.class
com\github\gotochan\command\RankCommand.class
com\github\gotochan\kit\kits\Libralyan.class
com\github\gotochan\enchant\SpecialArmor.class
com\github\gotochan\event\ScoutEvent.class
com\github\gotochan\command\KitCommand.class
com\github\gotochan\command\DebugCommand.class
com\github\gotochan\kit\RunnerKit.class
com\github\gotochan\command\KoshihikariCommand.class
com\github\gotochan\Utils\BMCHelp.class
com\github\gotochan\event\BMCEvent.class
com\github\gotochan\kit\kits\Scout.class
com\github\gotochan\kit\ItemClickHandler.class
com\github\gotochan\BMCCommand.class
com\github\gotochan\BMCPlayer.class
