F:\Java\workspace\BMCPlugin\src\main\java\com\github\gotochan\command\RankUpCommand.java
F:\Java\workspace\BMCPlugin\src\main\java\com\github\gotochan\command\MenuCommand.java
F:\Java\workspace\BMCPlugin\src\main\java\com\github\gotochan\command\RankCommand.java
F:\Java\workspace\BMCPlugin\src\main\java\com\github\gotochan\Utils\BMCBoolean.java
F:\Java\workspace\BMCPlugin\src\main\java\com\github\gotochan\event\ScoutEvent.java
F:\Java\workspace\BMCPlugin\src\main\java\com\github\gotochan\kit\ItemClickEvent.java
F:\Java\workspace\BMCPlugin\src\main\java\com\github\gotochan\command\KitCommand.java
F:\Java\workspace\BMCPlugin\src\main\java\com\github\gotochan\command\KoshihikariCommand.java
F:\Java\workspace\BMCPlugin\src\main\java\com\github\gotochan\enchant\SpecialArmor.java
F:\Java\workspace\BMCPlugin\src\main\java\com\github\gotochan\enchant\AutoSmelt.java
F:\Java\workspace\BMCPlugin\src\main\java\com\github\gotochan\original\BMCMacerator.java
F:\Java\workspace\BMCPlugin\src\main\java\com\github\gotochan\BMC.java
F:\Java\workspace\BMCPlugin\src\main\java\com\github\gotochan\Utils\BMCHelp.java
F:\Java\workspace\BMCPlugin\src\main\java\com\github\gotochan\Utils\MenuItem.java
F:\Java\workspace\BMCPlugin\src\main\java\com\github\gotochan\BMCPlayer.java
F:\Java\workspace\BMCPlugin\src\main\java\com\github\gotochan\kit\kits\Libralyan.java
F:\Java\workspace\BMCPlugin\src\main\java\com\github\gotochan\kit\RunnerKit.java
F:\Java\workspace\BMCPlugin\src\main\java\com\github\gotochan\kit\ItemClickHandler.java
F:\Java\workspace\BMCPlugin\src\main\java\com\github\gotochan\kit\kits\Scout.java
F:\Java\workspace\BMCPlugin\src\main\java\com\github\gotochan\kit\KitUtils.java
F:\Java\workspace\BMCPlugin\src\main\java\com\github\gotochan\kit\BMCKit.java
F:\Java\workspace\BMCPlugin\src\main\java\com\github\gotochan\event\BMCEvent.java
F:\Java\workspace\BMCPlugin\src\main\java\com\github\gotochan\Utils\Utils.java
F:\Java\workspace\BMCPlugin\src\main\java\com\github\gotochan\vanish\VanishListner.java
F:\Java\workspace\BMCPlugin\src\main\java\com\github\gotochan\kit\KitChangeEvent.java
F:\Java\workspace\BMCPlugin\src\main\java\com\github\gotochan\kit\IconPackage.java
F:\Java\workspace\BMCPlugin\src\main\java\com\github\gotochan\command\DebugCommand.java
F:\Java\workspace\BMCPlugin\src\main\java\com\github\gotochan\command\SubCommandAbst.java
F:\Java\workspace\BMCPlugin\src\main\java\com\github\gotochan\event\BMCLaunchPad.java
F:\Java\workspace\BMCPlugin\src\main\java\com\github\gotochan\BMCCommand.java
F:\Java\workspace\BMCPlugin\src\main\java\com\github\gotochan\kit\KitMenuItem.java
